================================================================================
             THEMATIC STRATIFICATION ENSEMBLE AUDIT REPORT
================================================================================
Execution Timeframe: 2026-09-01 09:53:54  -->  2026-09-01 09:56:49 (175.80 seconds)
Fields Analyzed: ['Title', 'Abstract', 'Keywords']
Alignment Strategy: Auto-Discovery (Recommended)
Synchronized Topic Count (k): 8
Total Documents Processed: 483

--------------------------------------------------------------------------------
MODEL STATISTICS
--------------------------------------------------------------------------------
• Unified Topics Generated: 8
• Outlier Documents (-1): 0 (0.0%)
• Average Assignment Confidence: 0.76

--------------------------------------------------------------------------------
ALIGNMENT MAPPING SUMMARY
--------------------------------------------------------------------------------
• Unified Topic 0: BERTopic [0] ↔ GSDMM [7] (Similarity: 0.38)
• Unified Topic 1: BERTopic [1] ↔ GSDMM [1] (Similarity: 0.33)
• Unified Topic 2: BERTopic [2] ↔ GSDMM [2] (Similarity: 0.07)
• Unified Topic 3: BERTopic [4] ↔ GSDMM [5] (Similarity: 0.00)
• Unified Topic 4: BERTopic [5] ↔ GSDMM [3] (Similarity: 0.11)
• Unified Topic 5: BERTopic [3] ↔ GSDMM [None] (Similarity: 0.00)
• Unified Topic 6: BERTopic [6] ↔ GSDMM [None] (Similarity: 0.00)
• Unified Topic 7: BERTopic [7] ↔ GSDMM [None] (Similarity: 0.00)
================================================================================
PIPELINE COMPLETED SUCCESSFULLY
================================================================================
