================================================================================
             THEMATIC STRATIFICATION ENSEMBLE AUDIT REPORT
================================================================================
Execution Timeframe: 2026-08-13 09:56:14  -->  2026-08-13 09:57:27 (73.63 seconds)
Fields Analyzed: ['Title', 'Abstract', 'Keywords']
Alignment Strategy: Auto-Discovery (Recommended)
Synchronized Topic Count (k): 10
Total Documents Processed: 345

--------------------------------------------------------------------------------
MODEL STATISTICS
--------------------------------------------------------------------------------
• Unified Topics Generated: 10
• Outlier Documents (-1): 0 (0.0%)
• Average Assignment Confidence: 0.75

--------------------------------------------------------------------------------
ALIGNMENT MAPPING SUMMARY
--------------------------------------------------------------------------------
• Unified Topic 0: BERTopic [0] ↔ GSDMM [9] (Similarity: 0.67)
• Unified Topic 1: BERTopic [1] ↔ GSDMM [1] (Similarity: 0.18)
• Unified Topic 2: BERTopic [2] ↔ GSDMM [2] (Similarity: 0.05)
• Unified Topic 3: BERTopic [3] ↔ GSDMM [0] (Similarity: 0.18)
• Unified Topic 4: BERTopic [4] ↔ GSDMM [5] (Similarity: 0.18)
• Unified Topic 5: BERTopic [5] ↔ GSDMM [6] (Similarity: 0.11)
• Unified Topic 6: BERTopic [6] ↔ GSDMM [7] (Similarity: 0.18)
• Unified Topic 7: BERTopic [7] ↔ GSDMM [4] (Similarity: 0.18)
• Unified Topic 8: BERTopic [8] ↔ GSDMM [8] (Similarity: 0.00)
• Unified Topic 9: BERTopic [9] ↔ GSDMM [3] (Similarity: 0.00)
================================================================================
PIPELINE COMPLETED SUCCESSFULLY
================================================================================
