=======================================================================
        5-TIER BIBLIOMETRIC DATA ENRICHMENT AUDIT & EXECUTION LOG
=======================================================================
Execution Timestamp: 2026-08-12 18:28:40 → 2026-08-12 18:28:43 (Duration: 3.21s)

[OVERALL DATASET CONTEXT & METRICS]
• Total Records in Memory Dataset: 1
• Total Records Evaluated for Enrichment: 1
• Records with Valid DOIs (Tier 1-4 Candidates): 0
• Records without DOIs (Tier 5 Fuzzy Title Search Candidates): 1
• Successfully Enriched Records: 1 (100.0%)
• Unresolved / Missing Data Records: 0 (0.0%)

Target Fields Requested (1 fields): ['Author']

--------------------------------------------------------------------------------
1. MEMORY CLUSTER & FILE PROVENANCE CONTEXT
--------------------------------------------------------------------------------
• Total Records in Memory Dataset: 1
• Total Records Evaluated for Enrichment: 1
• Cluster Source Files: Single/Unspecified file source

--------------------------------------------------------------------------------
2. TIER-BY-TIER METRICS & FIELD-LEVEL LINE POPULATION BREAKDOWN
--------------------------------------------------------------------------------
• TIER 1: OpenAlex Batch API (Bulk DOI Filtering)
    - DOIs Queried: 0
    - Records Resolved: 0 (0.0%)
    - Total Field Values Populated: 0 lines
    - Field Breakdown: None

• TIER 2: Crossref REST API (DOI Metadata Fallback)
    - Records Passed: 0
    - Records Resolved: 0
    - Total Field Values Populated: 0 lines
    - Field Breakdown: None

• TIER 3: PubMed eUtils API (Biomedical MeSH/Abstract Fallback)
    - Records Passed: 0 (with valid PMID)
    - Records Resolved: 0
    - Total Field Values Populated: 0 lines
    - Field Breakdown: None

• TIER 4: Semantic Scholar API (Abstract & AI TLDR Fallback)
    - Records Passed: 0
    - Records Resolved: 0
    - Total Field Values Populated: 0 lines
    - Field Breakdown: None

• TIER 5: OpenAlex Fuzzy Title Search (Legacy / Non-DOI Local Papers)
    - Records Passed: 1 (searched by Title)
    - Records Resolved: 1
    - Total Field Values Populated: 3 lines
    - Field Breakdown: {'DOI': 1, 'OpenAlex ID': 1, 'Author': 1}

--------------------------------------------------------------------------------
3. UNRESOLVED RECORDS & SPECIFIC MISSING COLUMNS AUDIT
--------------------------------------------------------------------------------
Total Records with Remaining Missing Fields: 0 / 1

🎉 100% SUCCESS: All evaluated records were fully populated with zero missing target fields!
================================================================================
FINAL SUMMARY: 1/1 records fully updated. Audit saved to disk.
================================================================================
