================================================================================
             THEMATIC STRATIFICATION ENSEMBLE AUDIT REPORT
================================================================================
Execution Timeframe: 2026-09-01 13:26:27  -->  2026-09-01 14:20:17 (3230.26 seconds)
Fields Analyzed: ['Title', 'Abstract', 'Keywords']
Alignment Strategy: Auto-Discovery (Recommended)
Synchronized Topic Count (k): 13
Total Documents Processed: 9995

--------------------------------------------------------------------------------
MODEL STATISTICS
--------------------------------------------------------------------------------
• Unified Topics Generated: 13
• Outlier Documents (-1): 0 (0.0%)
• Average Assignment Confidence: 0.90

--------------------------------------------------------------------------------
ALIGNMENT MAPPING SUMMARY
--------------------------------------------------------------------------------
• Unified Topic 0: BERTopic [0] ↔ GSDMM [12] (Similarity: 0.63)
• Unified Topic 1: BERTopic [1] ↔ GSDMM [7] (Similarity: 0.18)
• Unified Topic 2: BERTopic [4] ↔ GSDMM [3] (Similarity: 0.01)
• Unified Topic 3: BERTopic [2] ↔ GSDMM [None] (Similarity: 0.00)
• Unified Topic 4: BERTopic [3] ↔ GSDMM [None] (Similarity: 0.00)
• Unified Topic 5: BERTopic [5] ↔ GSDMM [None] (Similarity: 0.00)
• Unified Topic 6: BERTopic [6] ↔ GSDMM [None] (Similarity: 0.00)
• Unified Topic 7: BERTopic [7] ↔ GSDMM [None] (Similarity: 0.00)
• Unified Topic 8: BERTopic [8] ↔ GSDMM [None] (Similarity: 0.00)
• Unified Topic 9: BERTopic [9] ↔ GSDMM [None] (Similarity: 0.00)
• Unified Topic 10: BERTopic [10] ↔ GSDMM [None] (Similarity: 0.00)
• Unified Topic 11: BERTopic [11] ↔ GSDMM [None] (Similarity: 0.00)
• Unified Topic 12: BERTopic [12] ↔ GSDMM [None] (Similarity: 0.00)
================================================================================
PIPELINE COMPLETED SUCCESSFULLY
================================================================================
