================================================================================
             THEMATIC STRATIFICATION ENSEMBLE AUDIT REPORT
================================================================================
Execution Timeframe: 2026-08-31 22:42:02  -->  2026-08-31 22:48:20 (378.53 seconds)
Fields Analyzed: ['Title', 'Abstract', 'Keywords']
Alignment Strategy: Auto-Discovery (Recommended)
Synchronized Topic Count (k): 9
Total Documents Processed: 483

--------------------------------------------------------------------------------
MODEL STATISTICS
--------------------------------------------------------------------------------
• Unified Topics Generated: 9
• Outlier Documents (-1): 0 (0.0%)
• Average Assignment Confidence: 0.75

--------------------------------------------------------------------------------
ALIGNMENT MAPPING SUMMARY
--------------------------------------------------------------------------------
• Unified Topic 0: BERTopic [0] ↔ GSDMM [8] (Similarity: 0.33)
• Unified Topic 1: BERTopic [1] ↔ GSDMM [6] (Similarity: 0.34)
• Unified Topic 2: BERTopic [2] ↔ GSDMM [0] (Similarity: 0.11)
• Unified Topic 3: BERTopic [3] ↔ GSDMM [3] (Similarity: 0.00)
• Unified Topic 4: BERTopic [4] ↔ GSDMM [None] (Similarity: 0.00)
• Unified Topic 5: BERTopic [5] ↔ GSDMM [None] (Similarity: 0.00)
• Unified Topic 6: BERTopic [6] ↔ GSDMM [None] (Similarity: 0.00)
• Unified Topic 7: BERTopic [7] ↔ GSDMM [None] (Similarity: 0.00)
• Unified Topic 8: BERTopic [8] ↔ GSDMM [None] (Similarity: 0.00)
================================================================================
PIPELINE COMPLETED SUCCESSFULLY
================================================================================
